// Jest Snapshot v1, https://goo.gl/fbAQLP

exports[`components/SEO should render 1`] = `null`;
