// Jest Snapshot v1, https://goo.gl/fbAQLP

exports[`components/Layout should render 1`] = `
Array [
  <header
    style={
      Object {
        "background": "#999",
        "marginBottom": "1.45rem",
      }
    }
  >
    <div
      style={
        Object {
          "margin": "0 auto",
          "maxWidth": 960,
          "padding": "1.45rem 1.0875rem",
        }
      }
    >
      <h1
        style={
          Object {
            "margin": 0,
          }
        }
      >
        <a
          href="/"
          style={
            Object {
              "color": "white",
              "textDecoration": "none",
            }
          }
        >
          No title
        </a>
      </h1>
    </div>
  </header>,
  <div
    style={
      Object {
        "margin": "0 auto",
        "maxWidth": 960,
        "padding": "0px 1.0875rem 1.45rem",
        "paddingTop": 0,
      }
    }
  >
    <main>
      <h1>
        Hello layout
      </h1>
    </main>
    <footer>
      <hr />
      <h3>
        This is footer
      </h3>
      <a
        href="https://www.greenberry.nl"
      >
        Greenberry
      </a>
    </footer>
  </div>,
]
`;
